2026-06-15T01:26:51.852+08:00  WARN 31332 --- [backend] [http-nio-8080-exec-3] c.e.b.security.JWTTokenValidatorFilter   : JWT Token 已過期: JWT expired 1129850 milliseconds ago at 2026-06-14T17:08:02.000Z. Current time: 2026-06-14T17:26:51.850Z. Allowed clock skew: 0 milliseconds.
2026-06-15T01:44:07.712+08:00  INFO 31332 --- [backend] [SpringApplicationShutdownHook] o.s.b.w.e.tomcat.GracefulShutdown        : Commencing graceful shutdown. Waiting for active requests to complete
2026-06-15T01:44:07.721+08:00  INFO 31332 --- [backend] [tomcat-shutdown] o.s.b.w.e.tomcat.GracefulShutdown        : Graceful shutdown complete
2026-06-15T01:44:07.746+08:00  INFO 31332 --- [backend] [SpringApplicationShutdownHook] j.LocalContainerEntityManagerFactoryBean : Closing JPA EntityManagerFactory for persistence unit 'default'
2026-06-15T01:44:07.754+08:00  INFO 31332 --- [backend] [SpringApplicationShutdownHook] com.zaxxer.hikari.HikariDataSource       : HikariPool-1 - Shutdown initiated...
2026-06-15T01:44:07.757+08:00  INFO 31332 --- [backend] [SpringApplicationShutdownHook] com.zaxxer.hikari.HikariDataSource       : HikariPool-1 - Shutdown completed.
2026-06-15T12:45:21.898+08:00  INFO 13436 --- [backend] [restartedMain] com.example.backend.BackendApplication   : Starting BackendApplication using Java 25 with PID 13436 (D:\Fork\react-reactSpringBoot\backend\target\classes started by E3378 in D:\Fork\react-reactSpringBoot\BackEnd)
2026-06-15T12:45:21.902+08:00  INFO 13436 --- [backend] [restartedMain] com.example.backend.BackendApplication   : The following 1 profile is active: "default"
2026-06-15T12:45:22.046+08:00  INFO 13436 --- [backend] [restartedMain] .e.DevToolsPropertyDefaultsPostProcessor : Devtools property defaults active! Set 'spring.devtools.add-properties' to 'false' to disable
2026-06-15T12:45:22.047+08:00  INFO 13436 --- [backend] [restartedMain] .e.DevToolsPropertyDefaultsPostProcessor : For additional web related logging consider setting the 'logging.level.web' property to 'DEBUG'
2026-06-15T12:45:24.542+08:00  INFO 13436 --- [backend] [restartedMain] .s.d.r.c.RepositoryConfigurationDelegate : Bootstrapping Spring Data JPA repositories in DEFAULT mode.
2026-06-15T12:45:24.839+08:00  INFO 13436 --- [backend] [restartedMain] .s.d.r.c.RepositoryConfigurationDelegate : Finished Spring Data repository scanning in 279 ms. Found 5 JPA repository interfaces.
2026-06-15T12:45:26.201+08:00  INFO 13436 --- [backend] [restartedMain] o.s.b.w.embedded.tomcat.TomcatWebServer  : Tomcat initialized with port 8080 (http)
2026-06-15T12:45:26.226+08:00  INFO 13436 --- [backend] [restartedMain] o.apache.catalina.core.StandardService   : Starting service [Tomcat]
2026-06-15T12:45:26.226+08:00  INFO 13436 --- [backend] [restartedMain] o.apache.catalina.core.StandardEngine    : Starting Servlet engine: [Apache Tomcat/10.1.54]
2026-06-15T12:45:26.306+08:00  INFO 13436 --- [backend] [restartedMain] o.a.c.c.C.[Tomcat].[localhost].[/]       : Initializing Spring embedded WebApplicationContext
2026-06-15T12:45:26.307+08:00  INFO 13436 --- [backend] [restartedMain] w.s.c.ServletWebServerApplicationContext : Root WebApplicationContext: initialization completed in 4259 ms
2026-06-15T12:45:26.678+08:00  INFO 13436 --- [backend] [restartedMain] com.zaxxer.hikari.HikariDataSource       : HikariPool-1 - Starting...
2026-06-15T12:45:27.134+08:00  INFO 13436 --- [backend] [restartedMain] com.zaxxer.hikari.pool.HikariPool        : HikariPool-1 - Added connection conn1: url=jdbc:h2:file:./h2db/myDb user=SA
2026-06-15T12:45:27.136+08:00  INFO 13436 --- [backend] [restartedMain] com.zaxxer.hikari.HikariDataSource       : HikariPool-1 - Start completed.
2026-06-15T12:45:27.296+08:00  INFO 13436 --- [backend] [restartedMain] o.hibernate.jpa.internal.util.LogHelper  : HHH000204: Processing PersistenceUnitInfo [name: default]
2026-06-15T12:45:27.405+08:00  INFO 13436 --- [backend] [restartedMain] org.hibernate.Version                    : HHH000412: Hibernate ORM core version 6.6.49.Final
2026-06-15T12:45:27.467+08:00  INFO 13436 --- [backend] [restartedMain] o.h.c.internal.RegionFactoryInitiator    : HHH000026: Second-level cache disabled
2026-06-15T12:45:27.900+08:00  INFO 13436 --- [backend] [restartedMain] o.s.o.j.p.SpringPersistenceUnitInfo      : No LoadTimeWeaver setup: ignoring JPA class transformer
2026-06-15T12:45:27.985+08:00  WARN 13436 --- [backend] [restartedMain] org.hibernate.orm.deprecation            : HHH90000025: H2Dialect does not need to be specified explicitly using 'hibernate.dialect' (remove the property setting and it will be selected by default)
2026-06-15T12:45:28.005+08:00  INFO 13436 --- [backend] [restartedMain] org.hibernate.orm.connections.pooling    : HHH10001005: Database info:
	Database JDBC URL [Connecting through datasource 'HikariDataSource (HikariPool-1)']
	Database driver: undefined/unknown
	Database version: 2.3.232
	Autocommit mode: undefined/unknown
	Isolation level: undefined/unknown
	Minimum pool size: undefined/unknown
	Maximum pool size: undefined/unknown
2026-06-15T12:45:29.507+08:00  INFO 13436 --- [backend] [restartedMain] o.h.e.t.j.p.i.JtaPlatformInitiator       : HHH000489: No JTA platform available (set 'hibernate.transaction.jta.platform' to enable JTA platform integration)
2026-06-15T12:45:29.764+08:00  INFO 13436 --- [backend] [restartedMain] j.LocalContainerEntityManagerFactoryBean : Initialized JPA EntityManagerFactory for persistence unit 'default'
2026-06-15T12:45:30.241+08:00  INFO 13436 --- [backend] [restartedMain] o.s.d.j.r.query.QueryEnhancerFactory     : Hibernate is in classpath; If applicable, HQL parser will be used.
2026-06-15T12:45:31.491+08:00  WARN 13436 --- [backend] [restartedMain] JpaBaseConfiguration$JpaWebConfiguration : spring.jpa.open-in-view is enabled by default. Therefore, database queries may be performed during view rendering. Explicitly configure spring.jpa.open-in-view to disable this warning
2026-06-15T12:45:31.906+08:00  INFO 13436 --- [backend] [restartedMain] o.s.b.a.e.web.EndpointLinksResolver      : Exposing 14 endpoints beneath base path '/actuator'
2026-06-15T12:45:31.949+08:00  INFO 13436 --- [backend] [restartedMain] eAuthenticationProviderManagerConfigurer : Global AuthenticationManager configured with AuthenticationProvider bean with name myAuthenticationProvider
2026-06-15T12:45:31.949+08:00  WARN 13436 --- [backend] [restartedMain] r$InitializeUserDetailsManagerConfigurer : Global AuthenticationManager configured with an AuthenticationProvider bean. UserDetailsService beans will not be used by Spring Security for automatically configuring username/password login. Consider removing the AuthenticationProvider bean. Alternatively, consider using the UserDetailsService in a manually instantiated DaoAuthenticationProvider. If the current configuration is intentional, to turn off this warning, increase the logging level of 'org.springframework.security.config.annotation.authentication.configuration.InitializeUserDetailsBeanManagerConfigurer' to ERROR
2026-06-15T12:45:32.532+08:00  WARN 13436 --- [backend] [restartedMain] i.m.c.i.b.cache.CaffeineCacheMetrics     : The cache 'products' is not recording statistics. No meters except 'cache.size' will be registered. Call 'Caffeine#recordStats()' prior to building the cache for metrics to be recorded.
2026-06-15T12:45:32.539+08:00  WARN 13436 --- [backend] [restartedMain] i.m.c.i.b.cache.CaffeineCacheMetrics     : The cache 'roles' is not recording statistics. No meters except 'cache.size' will be registered. Call 'Caffeine#recordStats()' prior to building the cache for metrics to be recorded.
2026-06-15T12:45:32.735+08:00  INFO 13436 --- [backend] [restartedMain] o.s.b.a.h2.H2ConsoleAutoConfiguration    : H2 console available at '/h2-console'. Database available at 'jdbc:h2:file:./h2db/myDb'
2026-06-15T12:45:32.787+08:00  INFO 13436 --- [backend] [restartedMain] o.s.b.d.a.OptionalLiveReloadServer       : LiveReload server is running on port 35729
2026-06-15T12:45:32.898+08:00  INFO 13436 --- [backend] [restartedMain] o.s.b.w.embedded.tomcat.TomcatWebServer  : Tomcat started on port 8080 (http) with context path '/'
2026-06-15T12:45:33.299+08:00  INFO 13436 --- [backend] [restartedMain] com.example.backend.BackendApplication   : Started BackendApplication in 13.085 seconds (process running for 16.613)
2026-06-15T12:45:33.318+08:00  WARN 13436 --- [backend] [restartedMain] o.s.core.events.SpringDocAppInitializer  : SpringDoc /v3/api-docs endpoint is enabled by default. To disable it in production, set the property 'springdoc.api-docs.enabled=false'
2026-06-15T12:45:33.318+08:00  WARN 13436 --- [backend] [restartedMain] o.s.core.events.SpringDocAppInitializer  : SpringDoc /swagger-ui.html endpoint is enabled by default. To disable it in production, set the property 'springdoc.swagger-ui.enabled=false'
2026-06-15T12:45:33.799+08:00  INFO 13436 --- [backend] [RMI TCP Connection(1)-172.20.10.12] o.a.c.c.C.[Tomcat].[localhost].[/]       : Initializing Spring DispatcherServlet 'dispatcherServlet'
2026-06-15T12:45:33.799+08:00  INFO 13436 --- [backend] [RMI TCP Connection(1)-172.20.10.12] o.s.web.servlet.DispatcherServlet        : Initializing Servlet 'dispatcherServlet'
2026-06-15T12:45:33.804+08:00  INFO 13436 --- [backend] [RMI TCP Connection(1)-172.20.10.12] o.s.web.servlet.DispatcherServlet        : Completed initialization in 4 ms
2026-06-15T12:59:38.598+08:00  WARN 13436 --- [backend] [http-nio-8080-exec-9] o.h.engine.jdbc.spi.SqlExceptionHelper   : SQL Error: 23505, SQLState: 23505
2026-06-15T12:59:38.599+08:00 ERROR 13436 --- [backend] [http-nio-8080-exec-9] o.h.engine.jdbc.spi.SqlExceptionHelper   : Unique index or primary key violation: "PRIMARY KEY ON PUBLIC.CUSTOMERS(CUSTOMER_ID) ( /* key:1 */ CAST(1 AS BIGINT), 'Admin', 'admin@gmail.com', '1234567890', '$2a$10$MJuns8311HDe2MXfnjcmQOYtb0EgNMD3S218yPZhQqmUchzUSBmZy', TIMESTAMP '2026-06-15 12:45:27.180654', 'SYSTEM', NULL, NULL)"; SQL statement:
insert into customers (created_at,created_by,email,mobile_number,name,password_hash,customer_id) values (?,?,?,?,?,?,default) [23505-232]
2026-06-15T12:59:38.609+08:00 ERROR 13436 --- [backend] [http-nio-8080-exec-9] c.e.b.exception.GlobalExceptionHandler   : Global Exception Handler: Exception 發生異常: could not execute statement [Unique index or primary key violation: "PRIMARY KEY ON PUBLIC.CUSTOMERS(CUSTOMER_ID) ( /* key:1 */ CAST(1 AS BIGINT), 'Admin', 'admin@gmail.com', '1234567890', '$2a$10$MJuns8311HDe2MXfnjcmQOYtb0EgNMD3S218yPZhQqmUchzUSBmZy', TIMESTAMP '2026-06-15 12:45:27.180654', 'SYSTEM', NULL, NULL)"; SQL statement:
insert into customers (created_at,created_by,email,mobile_number,name,password_hash,customer_id) values (?,?,?,?,?,?,default) [23505-232]] [insert into customers (created_at,created_by,email,mobile_number,name,password_hash,customer_id) values (?,?,?,?,?,?,default)]; SQL [insert into customers (created_at,created_by,email,mobile_number,name,password_hash,customer_id) values (?,?,?,?,?,?,default)]; constraint [PRIMARY KEY]
2026-06-15T12:59:38.617+08:00  WARN 13436 --- [backend] [http-nio-8080-exec-9] .m.m.a.ExceptionHandlerExceptionResolver : Resolved [org.springframework.dao.DataIntegrityViolationException: could not execute statement [Unique index or primary key violation: "PRIMARY KEY ON PUBLIC.CUSTOMERS(CUSTOMER_ID) ( /* key:1 */ CAST(1 AS BIGINT), 'Admin', 'admin@gmail.com', '1234567890', '$2a$10$MJuns8311HDe2MXfnjcmQOYtb0EgNMD3S218yPZhQqmUchzUSBmZy', TIMESTAMP '2026-06-15 12:45:27.180654', 'SYSTEM', NULL, NULL)"; SQL statement:<EOL>insert into customers (created_at,created_by,email,mobile_number,name,password_hash,customer_id) values (?,?,?,?,?,?,default) [23505-232]] [insert into customers (created_at,created_by,email,mobile_number,name,password_hash,customer_id) values (?,?,?,?,?,?,default)]; SQL [insert into customers (created_at,created_by,email,mobile_number,name,password_hash,customer_id) values (?,?,?,?,?,?,default)]; constraint [PRIMARY KEY]]
2026-06-15T13:01:47.456+08:00 ERROR 13436 --- [backend] [http-nio-8080-exec-10] c.e.b.exception.GlobalExceptionHandler   : Global Exception Handler: DuplicateFieldException 發生異常: Duplicate field values
2026-06-15T13:01:47.458+08:00  WARN 13436 --- [backend] [http-nio-8080-exec-10] .m.m.a.ExceptionHandlerExceptionResolver : Resolved [com.example.backend.exception.DuplicateFieldException: Duplicate field values]
2026-06-15T13:16:30.318+08:00  INFO 13436 --- [backend] [SpringApplicationShutdownHook] o.s.b.w.e.tomcat.GracefulShutdown        : Commencing graceful shutdown. Waiting for active requests to complete
2026-06-15T13:16:30.331+08:00  INFO 13436 --- [backend] [tomcat-shutdown] o.s.b.w.e.tomcat.GracefulShutdown        : Graceful shutdown complete
2026-06-15T13:16:30.340+08:00  INFO 13436 --- [backend] [SpringApplicationShutdownHook] j.LocalContainerEntityManagerFactoryBean : Closing JPA EntityManagerFactory for persistence unit 'default'
2026-06-15T13:16:30.344+08:00  INFO 13436 --- [backend] [SpringApplicationShutdownHook] com.zaxxer.hikari.HikariDataSource       : HikariPool-1 - Shutdown initiated...
2026-06-15T13:16:30.483+08:00  INFO 13436 --- [backend] [SpringApplicationShutdownHook] com.zaxxer.hikari.HikariDataSource       : HikariPool-1 - Shutdown completed.
