2026-05-03T02:48:42.074+08:00  WARN 34052 --- [BackEnd] [HikariPool-15:housekeeper] com.zaxxer.hikari.pool.HikariPool        : HikariPool-15 - Thread starvation or clock leap detected (housekeeper delta=19m27s364ms599µs500ns).
2026-05-03T04:10:00.388+08:00  INFO 34052 --- [BackEnd] [File Watcher] rtingClassPathChangeChangedEventListener : Restarting due to 2 class path changes (0 additions, 2 deletions, 0 modifications)
2026-05-03T04:10:00.391+08:00  INFO 34052 --- [BackEnd] [Thread-74] o.s.b.w.e.tomcat.GracefulShutdown        : Commencing graceful shutdown. Waiting for active requests to complete
2026-05-03T04:10:00.397+08:00  INFO 34052 --- [BackEnd] [tomcat-shutdown] o.s.b.w.e.tomcat.GracefulShutdown        : Graceful shutdown complete
2026-05-03T04:10:00.409+08:00  INFO 34052 --- [BackEnd] [Thread-74] j.LocalContainerEntityManagerFactoryBean : Closing JPA EntityManagerFactory for persistence unit 'default'
2026-05-03T04:10:00.410+08:00  INFO 34052 --- [BackEnd] [Thread-74] com.zaxxer.hikari.HikariDataSource       : HikariPool-15 - Shutdown initiated...
2026-05-03T04:10:00.545+08:00  INFO 34052 --- [BackEnd] [Thread-74] com.zaxxer.hikari.HikariDataSource       : HikariPool-15 - Shutdown completed.
2026-05-03T04:10:00.779+08:00  INFO 34052 --- [BackEnd] [restartedMain] com.example.BackEnd.BackEndApplication   : Starting BackEndApplication using Java 25.0.1 with PID 34052 (D:\React\reactSpringBoot\BackEnd\target\classes started by tony.shangkuan in D:\React\reactSpringBoot\BackEnd)
2026-05-03T04:10:00.779+08:00  INFO 34052 --- [BackEnd] [restartedMain] com.example.BackEnd.BackEndApplication   : No active profile set, falling back to 1 default profile: "default"
2026-05-03T04:10:01.598+08:00  INFO 34052 --- [BackEnd] [restartedMain] .s.d.r.c.RepositoryConfigurationDelegate : Bootstrapping Spring Data JPA repositories in DEFAULT mode.
2026-05-03T04:10:01.624+08:00  INFO 34052 --- [BackEnd] [restartedMain] .s.d.r.c.RepositoryConfigurationDelegate : Finished Spring Data repository scanning in 23 ms. Found 2 JPA repository interfaces.
2026-05-03T04:10:01.900+08:00  INFO 34052 --- [BackEnd] [restartedMain] o.s.b.w.embedded.tomcat.TomcatWebServer  : Tomcat initialized with port 8080 (http)
2026-05-03T04:10:01.903+08:00  INFO 34052 --- [BackEnd] [restartedMain] o.apache.catalina.core.StandardService   : Starting service [Tomcat]
2026-05-03T04:10:01.904+08:00  INFO 34052 --- [BackEnd] [restartedMain] o.apache.catalina.core.StandardEngine    : Starting Servlet engine: [Apache Tomcat/10.1.54]
2026-05-03T04:10:01.953+08:00  INFO 34052 --- [BackEnd] [restartedMain] o.a.c.c.C.[Tomcat].[localhost].[/]       : Initializing Spring embedded WebApplicationContext
2026-05-03T04:10:01.954+08:00  INFO 34052 --- [BackEnd] [restartedMain] w.s.c.ServletWebServerApplicationContext : Root WebApplicationContext: initialization completed in 1168 ms
2026-05-03T04:10:02.166+08:00  INFO 34052 --- [BackEnd] [restartedMain] com.zaxxer.hikari.HikariDataSource       : HikariPool-16 - Starting...
2026-05-03T04:10:02.228+08:00  INFO 34052 --- [BackEnd] [restartedMain] com.zaxxer.hikari.pool.HikariPool        : HikariPool-16 - Added connection conn342: url=jdbc:h2:file:./h2db/myDb user=SA
2026-05-03T04:10:02.229+08:00  INFO 34052 --- [BackEnd] [restartedMain] com.zaxxer.hikari.HikariDataSource       : HikariPool-16 - Start completed.
2026-05-03T04:10:02.288+08:00  INFO 34052 --- [BackEnd] [restartedMain] o.hibernate.jpa.internal.util.LogHelper  : HHH000204: Processing PersistenceUnitInfo [name: default]
2026-05-03T04:10:02.293+08:00  INFO 34052 --- [BackEnd] [restartedMain] o.h.c.internal.RegionFactoryInitiator    : HHH000026: Second-level cache disabled
2026-05-03T04:10:02.310+08:00  INFO 34052 --- [BackEnd] [restartedMain] o.s.o.j.p.SpringPersistenceUnitInfo      : No LoadTimeWeaver setup: ignoring JPA class transformer
2026-05-03T04:10:02.313+08:00  WARN 34052 --- [BackEnd] [restartedMain] org.hibernate.orm.deprecation            : HHH90000025: H2Dialect does not need to be specified explicitly using 'hibernate.dialect' (remove the property setting and it will be selected by default)
2026-05-03T04:10:02.314+08:00  INFO 34052 --- [BackEnd] [restartedMain] org.hibernate.orm.connections.pooling    : HHH10001005: Database info:
	Database JDBC URL [Connecting through datasource 'HikariDataSource (HikariPool-16)']
	Database driver: undefined/unknown
	Database version: 2.3.232
	Autocommit mode: undefined/unknown
	Isolation level: undefined/unknown
	Minimum pool size: undefined/unknown
	Maximum pool size: undefined/unknown
2026-05-03T04:10:02.456+08:00  INFO 34052 --- [BackEnd] [restartedMain] o.h.e.t.j.p.i.JtaPlatformInitiator       : HHH000489: No JTA platform available (set 'hibernate.transaction.jta.platform' to enable JTA platform integration)
2026-05-03T04:10:02.457+08:00  INFO 34052 --- [BackEnd] [restartedMain] j.LocalContainerEntityManagerFactoryBean : Initialized JPA EntityManagerFactory for persistence unit 'default'
2026-05-03T04:10:02.677+08:00  WARN 34052 --- [BackEnd] [restartedMain] JpaBaseConfiguration$JpaWebConfiguration : spring.jpa.open-in-view is enabled by default. Therefore, database queries may be performed during view rendering. Explicitly configure spring.jpa.open-in-view to disable this warning
2026-05-03T04:10:03.144+08:00  WARN 34052 --- [BackEnd] [restartedMain] .s.s.UserDetailsServiceAutoConfiguration : 

Using generated security password: 470f899e-1dec-4f9a-a1b4-7b9e8736bec7

This generated password is for development use only. Your security configuration must be updated before running your application in production.

2026-05-03T04:10:03.146+08:00  INFO 34052 --- [BackEnd] [restartedMain] r$InitializeUserDetailsManagerConfigurer : Global AuthenticationManager configured with UserDetailsService bean with name inMemoryUserDetailsManager
2026-05-03T04:10:03.191+08:00  INFO 34052 --- [BackEnd] [restartedMain] o.s.b.a.e.web.EndpointLinksResolver      : Exposing 14 endpoints beneath base path '/actuator'
2026-05-03T04:10:03.230+08:00  INFO 34052 --- [BackEnd] [restartedMain] o.s.b.a.h2.H2ConsoleAutoConfiguration    : H2 console available at '/h2-console'. Database available at 'jdbc:h2:file:./h2db/myDb'
2026-05-03T04:10:03.267+08:00  INFO 34052 --- [BackEnd] [restartedMain] o.s.b.d.a.OptionalLiveReloadServer       : LiveReload server is running on port 35729
2026-05-03T04:10:03.305+08:00  INFO 34052 --- [BackEnd] [restartedMain] o.s.b.w.embedded.tomcat.TomcatWebServer  : Tomcat started on port 8080 (http) with context path '/'
2026-05-03T04:10:03.318+08:00  INFO 34052 --- [BackEnd] [restartedMain] com.example.BackEnd.BackEndApplication   : Started BackEndApplication in 2.616 seconds (process running for 31705.888)
2026-05-03T04:10:03.321+08:00  WARN 34052 --- [BackEnd] [restartedMain] o.s.core.events.SpringDocAppInitializer  : SpringDoc /v3/api-docs endpoint is enabled by default. To disable it in production, set the property 'springdoc.api-docs.enabled=false'
2026-05-03T04:10:03.322+08:00  WARN 34052 --- [BackEnd] [restartedMain] o.s.core.events.SpringDocAppInitializer  : SpringDoc /swagger-ui.html endpoint is enabled by default. To disable it in production, set the property 'springdoc.swagger-ui.enabled=false'
2026-05-03T04:10:03.324+08:00  INFO 34052 --- [BackEnd] [restartedMain] .ConditionEvaluationDeltaLoggingListener : Condition evaluation delta:


==========================
CONDITION EVALUATION DELTA
==========================


Positive matches:
-----------------

   ManagementWebSecurityAutoConfiguration matched:
      - found 'session' scope (OnWebApplicationCondition)
      - AllNestedConditions 2 matched 0 did not; NestedCondition on DefaultWebSecurityCondition.Beans @ConditionalOnMissingBean (types: org.springframework.security.web.SecurityFilterChain; SearchStrategy: all) did not find any beans; NestedCondition on DefaultWebSecurityCondition.Classes @ConditionalOnClass found required classes 'org.springframework.security.web.SecurityFilterChain', 'org.springframework.security.config.annotation.web.builders.HttpSecurity' (DefaultWebSecurityCondition)

   SpringBootWebSecurityConfiguration.WebSecurityEnablerConfiguration matched:
      - @ConditionalOnClass found required class 'org.springframework.security.config.annotation.web.configuration.EnableWebSecurity' (OnClassCondition)
      - @ConditionalOnMissingBean (names: springSecurityFilterChain; SearchStrategy: all) did not find any beans (OnBeanCondition)

   UserDetailsServiceAutoConfiguration matched:
      - @ConditionalOnClass found required class 'org.springframework.security.authentication.AuthenticationManager' (OnClassCondition)
      - found 'session' scope (OnWebApplicationCondition)
      - AnyNestedCondition 1 matched 2 did not; NestedCondition on UserDetailsServiceAutoConfiguration.MissingAlternativeOrUserPropertiesConfigured.PasswordConfigured @ConditionalOnProperty (spring.security.user.password) did not find property 'spring.security.user.password'; NestedCondition on UserDetailsServiceAutoConfiguration.MissingAlternativeOrUserPropertiesConfigured.NameConfigured @ConditionalOnProperty (spring.security.user.name) did not find property 'spring.security.user.name'; NestedCondition on UserDetailsServiceAutoConfiguration.MissingAlternativeOrUserPropertiesConfigured.MissingAlternative @ConditionalOnMissingClass did not find unwanted classes 'org.springframework.security.oauth2.client.registration.ClientRegistrationRepository', 'org.springframework.security.oauth2.server.resource.introspection.OpaqueTokenIntrospector', 'org.springframework.security.saml2.provider.service.registration.RelyingPartyRegistrationRepository' (UserDetailsServiceAutoConfiguration.MissingAlternativeOrUserPropertiesConfigured)
      - @ConditionalOnBean (types: org.springframework.security.config.ObjectPostProcessor; SearchStrategy: all) found beans 'objectPostProcessor', 'webAuthorizationManagerPostProcessor', 'filterChainDecoratorPostProcessor', 'authenticationManagerPostProcessor'; @ConditionalOnMissingBean (types: org.springframework.security.authentication.AuthenticationManager,org.springframework.security.authentication.AuthenticationProvider,org.springframework.security.core.userdetails.UserDetailsService,org.springframework.security.authentication.AuthenticationManagerResolver,org.springframework.security.oauth2.jwt.JwtDecoder; SearchStrategy: all) did not find any beans (OnBeanCondition)


Negative matches:
-----------------

    None


Exclusions:
-----------

    None


Unconditional classes:
----------------------

    None



2026-05-03T04:10:04.684+08:00  INFO 34052 --- [BackEnd] [File Watcher] rtingClassPathChangeChangedEventListener : Restarting due to 6 class path changes (6 additions, 0 deletions, 0 modifications)
2026-05-03T04:10:04.686+08:00  INFO 34052 --- [BackEnd] [Thread-79] o.s.b.w.e.tomcat.GracefulShutdown        : Commencing graceful shutdown. Waiting for active requests to complete
2026-05-03T04:10:04.692+08:00  INFO 34052 --- [BackEnd] [tomcat-shutdown] o.s.b.w.e.tomcat.GracefulShutdown        : Graceful shutdown complete
2026-05-03T04:10:04.697+08:00  INFO 34052 --- [BackEnd] [Thread-79] j.LocalContainerEntityManagerFactoryBean : Closing JPA EntityManagerFactory for persistence unit 'default'
2026-05-03T04:10:04.697+08:00  INFO 34052 --- [BackEnd] [Thread-79] com.zaxxer.hikari.HikariDataSource       : HikariPool-16 - Shutdown initiated...
2026-05-03T04:10:04.832+08:00  INFO 34052 --- [BackEnd] [Thread-79] com.zaxxer.hikari.HikariDataSource       : HikariPool-16 - Shutdown completed.
2026-05-03T04:10:05.070+08:00  INFO 34052 --- [BackEnd] [restartedMain] com.example.BackEnd.BackEndApplication   : Starting BackEndApplication using Java 25.0.1 with PID 34052 (D:\React\reactSpringBoot\BackEnd\target\classes started by tony.shangkuan in D:\React\reactSpringBoot\BackEnd)
2026-05-03T04:10:05.070+08:00  INFO 34052 --- [BackEnd] [restartedMain] com.example.BackEnd.BackEndApplication   : No active profile set, falling back to 1 default profile: "default"
2026-05-03T04:10:05.660+08:00  INFO 34052 --- [BackEnd] [restartedMain] .s.d.r.c.RepositoryConfigurationDelegate : Bootstrapping Spring Data JPA repositories in DEFAULT mode.
2026-05-03T04:10:05.680+08:00  INFO 34052 --- [BackEnd] [restartedMain] .s.d.r.c.RepositoryConfigurationDelegate : Finished Spring Data repository scanning in 18 ms. Found 2 JPA repository interfaces.
2026-05-03T04:10:05.889+08:00  INFO 34052 --- [BackEnd] [restartedMain] o.s.b.w.embedded.tomcat.TomcatWebServer  : Tomcat initialized with port 8080 (http)
2026-05-03T04:10:05.890+08:00  INFO 34052 --- [BackEnd] [restartedMain] o.apache.catalina.core.StandardService   : Starting service [Tomcat]
2026-05-03T04:10:05.891+08:00  INFO 34052 --- [BackEnd] [restartedMain] o.apache.catalina.core.StandardEngine    : Starting Servlet engine: [Apache Tomcat/10.1.54]
2026-05-03T04:10:05.943+08:00  INFO 34052 --- [BackEnd] [restartedMain] o.a.c.c.C.[Tomcat].[localhost].[/]       : Initializing Spring embedded WebApplicationContext
2026-05-03T04:10:05.944+08:00  INFO 34052 --- [BackEnd] [restartedMain] w.s.c.ServletWebServerApplicationContext : Root WebApplicationContext: initialization completed in 871 ms
2026-05-03T04:10:06.073+08:00  INFO 34052 --- [BackEnd] [restartedMain] com.zaxxer.hikari.HikariDataSource       : HikariPool-17 - Starting...
2026-05-03T04:10:06.123+08:00  INFO 34052 --- [BackEnd] [restartedMain] com.zaxxer.hikari.pool.HikariPool        : HikariPool-17 - Added connection conn353: url=jdbc:h2:file:./h2db/myDb user=SA
2026-05-03T04:10:06.123+08:00  INFO 34052 --- [BackEnd] [restartedMain] com.zaxxer.hikari.HikariDataSource       : HikariPool-17 - Start completed.
2026-05-03T04:10:06.168+08:00  INFO 34052 --- [BackEnd] [restartedMain] o.hibernate.jpa.internal.util.LogHelper  : HHH000204: Processing PersistenceUnitInfo [name: default]
2026-05-03T04:10:06.173+08:00  INFO 34052 --- [BackEnd] [restartedMain] o.h.c.internal.RegionFactoryInitiator    : HHH000026: Second-level cache disabled
2026-05-03T04:10:06.185+08:00  INFO 34052 --- [BackEnd] [restartedMain] o.s.o.j.p.SpringPersistenceUnitInfo      : No LoadTimeWeaver setup: ignoring JPA class transformer
2026-05-03T04:10:06.187+08:00  WARN 34052 --- [BackEnd] [restartedMain] org.hibernate.orm.deprecation            : HHH90000025: H2Dialect does not need to be specified explicitly using 'hibernate.dialect' (remove the property setting and it will be selected by default)
2026-05-03T04:10:06.188+08:00  INFO 34052 --- [BackEnd] [restartedMain] org.hibernate.orm.connections.pooling    : HHH10001005: Database info:
	Database JDBC URL [Connecting through datasource 'HikariDataSource (HikariPool-17)']
	Database driver: undefined/unknown
	Database version: 2.3.232
	Autocommit mode: undefined/unknown
	Isolation level: undefined/unknown
	Minimum pool size: undefined/unknown
	Maximum pool size: undefined/unknown
2026-05-03T04:10:06.290+08:00  INFO 34052 --- [BackEnd] [restartedMain] o.h.e.t.j.p.i.JtaPlatformInitiator       : HHH000489: No JTA platform available (set 'hibernate.transaction.jta.platform' to enable JTA platform integration)
2026-05-03T04:10:06.291+08:00  INFO 34052 --- [BackEnd] [restartedMain] j.LocalContainerEntityManagerFactoryBean : Initialized JPA EntityManagerFactory for persistence unit 'default'
2026-05-03T04:10:06.428+08:00  WARN 34052 --- [BackEnd] [restartedMain] JpaBaseConfiguration$JpaWebConfiguration : spring.jpa.open-in-view is enabled by default. Therefore, database queries may be performed during view rendering. Explicitly configure spring.jpa.open-in-view to disable this warning
2026-05-03T04:10:06.649+08:00  INFO 34052 --- [BackEnd] [restartedMain] o.s.b.a.e.web.EndpointLinksResolver      : Exposing 14 endpoints beneath base path '/actuator'
2026-05-03T04:10:06.790+08:00  INFO 34052 --- [BackEnd] [restartedMain] r$InitializeUserDetailsManagerConfigurer : Global AuthenticationManager configured with UserDetailsService bean with name userDetailsService
2026-05-03T04:10:06.997+08:00  INFO 34052 --- [BackEnd] [restartedMain] o.s.b.a.h2.H2ConsoleAutoConfiguration    : H2 console available at '/h2-console'. Database available at 'jdbc:h2:file:./h2db/myDb'
2026-05-03T04:10:07.012+08:00  INFO 34052 --- [BackEnd] [restartedMain] o.s.b.d.a.OptionalLiveReloadServer       : LiveReload server is running on port 35729
2026-05-03T04:10:07.044+08:00  INFO 34052 --- [BackEnd] [restartedMain] o.s.b.w.embedded.tomcat.TomcatWebServer  : Tomcat started on port 8080 (http) with context path '/'
2026-05-03T04:10:07.056+08:00  INFO 34052 --- [BackEnd] [restartedMain] com.example.BackEnd.BackEndApplication   : Started BackEndApplication in 2.019 seconds (process running for 31709.627)
2026-05-03T04:10:07.058+08:00  WARN 34052 --- [BackEnd] [restartedMain] o.s.core.events.SpringDocAppInitializer  : SpringDoc /v3/api-docs endpoint is enabled by default. To disable it in production, set the property 'springdoc.api-docs.enabled=false'
2026-05-03T04:10:07.059+08:00  WARN 34052 --- [BackEnd] [restartedMain] o.s.core.events.SpringDocAppInitializer  : SpringDoc /swagger-ui.html endpoint is enabled by default. To disable it in production, set the property 'springdoc.swagger-ui.enabled=false'
2026-05-03T04:10:07.060+08:00  INFO 34052 --- [BackEnd] [restartedMain] .ConditionEvaluationDeltaLoggingListener : Condition evaluation delta:


==========================
CONDITION EVALUATION DELTA
==========================


Positive matches:
-----------------

    None


Negative matches:
-----------------

   ManagementWebSecurityAutoConfiguration:
      Did not match:
         - AllNestedConditions 1 matched 1 did not; NestedCondition on DefaultWebSecurityCondition.Beans @ConditionalOnMissingBean (types: org.springframework.security.web.SecurityFilterChain; SearchStrategy: all) found beans of type 'org.springframework.security.web.SecurityFilterChain' defaultSecurityFilterChain; NestedCondition on DefaultWebSecurityCondition.Classes @ConditionalOnClass found required classes 'org.springframework.security.web.SecurityFilterChain', 'org.springframework.security.config.annotation.web.builders.HttpSecurity' (DefaultWebSecurityCondition)
      Matched:
         - found 'session' scope (OnWebApplicationCondition)

   SpringBootWebSecurityConfiguration.WebSecurityEnablerConfiguration:
      Did not match:
         - @ConditionalOnMissingBean (names: springSecurityFilterChain; SearchStrategy: all) found beans named springSecurityFilterChain (OnBeanCondition)
      Matched:
         - @ConditionalOnClass found required class 'org.springframework.security.config.annotation.web.configuration.EnableWebSecurity' (OnClassCondition)

   UserDetailsServiceAutoConfiguration:
      Did not match:
         - @ConditionalOnMissingBean (types: org.springframework.security.authentication.AuthenticationManager,org.springframework.security.authentication.AuthenticationProvider,org.springframework.security.core.userdetails.UserDetailsService,org.springframework.security.authentication.AuthenticationManagerResolver,org.springframework.security.oauth2.jwt.JwtDecoder; SearchStrategy: all) found beans of type 'org.springframework.security.core.userdetails.UserDetailsService' userDetailsService (OnBeanCondition)
      Matched:
         - @ConditionalOnClass found required class 'org.springframework.security.authentication.AuthenticationManager' (OnClassCondition)
         - found 'session' scope (OnWebApplicationCondition)
         - AnyNestedCondition 1 matched 2 did not; NestedCondition on UserDetailsServiceAutoConfiguration.MissingAlternativeOrUserPropertiesConfigured.PasswordConfigured @ConditionalOnProperty (spring.security.user.password) did not find property 'spring.security.user.password'; NestedCondition on UserDetailsServiceAutoConfiguration.MissingAlternativeOrUserPropertiesConfigured.NameConfigured @ConditionalOnProperty (spring.security.user.name) did not find property 'spring.security.user.name'; NestedCondition on UserDetailsServiceAutoConfiguration.MissingAlternativeOrUserPropertiesConfigured.MissingAlternative @ConditionalOnMissingClass did not find unwanted classes 'org.springframework.security.oauth2.client.registration.ClientRegistrationRepository', 'org.springframework.security.oauth2.server.resource.introspection.OpaqueTokenIntrospector', 'org.springframework.security.saml2.provider.service.registration.RelyingPartyRegistrationRepository' (UserDetailsServiceAutoConfiguration.MissingAlternativeOrUserPropertiesConfigured)


Exclusions:
-----------

    None


Unconditional classes:
----------------------

    None



2026-05-03T04:10:10.116+08:00  INFO 34052 --- [BackEnd] [http-nio-8080-exec-1] o.a.c.c.C.[Tomcat].[localhost].[/]       : Initializing Spring DispatcherServlet 'dispatcherServlet'
2026-05-03T04:10:10.116+08:00  INFO 34052 --- [BackEnd] [http-nio-8080-exec-1] o.s.web.servlet.DispatcherServlet        : Initializing Servlet 'dispatcherServlet'
2026-05-03T04:10:10.119+08:00  INFO 34052 --- [BackEnd] [http-nio-8080-exec-1] o.s.web.servlet.DispatcherServlet        : Completed initialization in 2 ms
2026-05-03T04:10:32.534+08:00  INFO 34052 --- [BackEnd] [SpringApplicationShutdownHook] o.s.b.w.e.tomcat.GracefulShutdown        : Commencing graceful shutdown. Waiting for active requests to complete
2026-05-03T04:10:32.547+08:00  INFO 34052 --- [BackEnd] [tomcat-shutdown] o.s.b.w.e.tomcat.GracefulShutdown        : Graceful shutdown complete
2026-05-03T04:10:32.557+08:00  INFO 34052 --- [BackEnd] [SpringApplicationShutdownHook] j.LocalContainerEntityManagerFactoryBean : Closing JPA EntityManagerFactory for persistence unit 'default'
2026-05-03T04:10:32.558+08:00  INFO 34052 --- [BackEnd] [SpringApplicationShutdownHook] com.zaxxer.hikari.HikariDataSource       : HikariPool-17 - Shutdown initiated...
2026-05-03T04:10:32.559+08:00  INFO 34052 --- [BackEnd] [SpringApplicationShutdownHook] com.zaxxer.hikari.HikariDataSource       : HikariPool-17 - Shutdown completed.
2026-05-03T04:10:37.258+08:00  INFO 9784 --- [BackEnd] [restartedMain] com.example.BackEnd.BackEndApplication   : Starting BackEndApplication using Java 25.0.1 with PID 9784 (D:\React\reactSpringBoot\BackEnd\target\classes started by tony.shangkuan in D:\React\reactSpringBoot\BackEnd)
2026-05-03T04:10:37.261+08:00  INFO 9784 --- [BackEnd] [restartedMain] com.example.BackEnd.BackEndApplication   : No active profile set, falling back to 1 default profile: "default"
2026-05-03T04:10:37.340+08:00  INFO 9784 --- [BackEnd] [restartedMain] .e.DevToolsPropertyDefaultsPostProcessor : Devtools property defaults active! Set 'spring.devtools.add-properties' to 'false' to disable
2026-05-03T04:10:37.341+08:00  INFO 9784 --- [BackEnd] [restartedMain] .e.DevToolsPropertyDefaultsPostProcessor : For additional web related logging consider setting the 'logging.level.web' property to 'DEBUG'
2026-05-03T04:10:39.280+08:00  INFO 9784 --- [BackEnd] [restartedMain] .s.d.r.c.RepositoryConfigurationDelegate : Bootstrapping Spring Data JPA repositories in DEFAULT mode.
2026-05-03T04:10:39.380+08:00  INFO 9784 --- [BackEnd] [restartedMain] .s.d.r.c.RepositoryConfigurationDelegate : Finished Spring Data repository scanning in 85 ms. Found 2 JPA repository interfaces.
2026-05-03T04:10:40.505+08:00  INFO 9784 --- [BackEnd] [restartedMain] o.s.b.w.embedded.tomcat.TomcatWebServer  : Tomcat initialized with port 8080 (http)
2026-05-03T04:10:40.528+08:00  INFO 9784 --- [BackEnd] [restartedMain] o.apache.catalina.core.StandardService   : Starting service [Tomcat]
2026-05-03T04:10:40.528+08:00  INFO 9784 --- [BackEnd] [restartedMain] o.apache.catalina.core.StandardEngine    : Starting Servlet engine: [Apache Tomcat/10.1.54]
2026-05-03T04:10:40.604+08:00  INFO 9784 --- [BackEnd] [restartedMain] o.a.c.c.C.[Tomcat].[localhost].[/]       : Initializing Spring embedded WebApplicationContext
2026-05-03T04:10:40.605+08:00  INFO 9784 --- [BackEnd] [restartedMain] w.s.c.ServletWebServerApplicationContext : Root WebApplicationContext: initialization completed in 3263 ms
2026-05-03T04:10:40.988+08:00  INFO 9784 --- [BackEnd] [restartedMain] com.zaxxer.hikari.HikariDataSource       : HikariPool-1 - Starting...
2026-05-03T04:10:41.396+08:00  INFO 9784 --- [BackEnd] [restartedMain] com.zaxxer.hikari.pool.HikariPool        : HikariPool-1 - Added connection conn1: url=jdbc:h2:file:./h2db/myDb user=SA
2026-05-03T04:10:41.397+08:00  INFO 9784 --- [BackEnd] [restartedMain] com.zaxxer.hikari.HikariDataSource       : HikariPool-1 - Start completed.
2026-05-03T04:10:41.566+08:00  INFO 9784 --- [BackEnd] [restartedMain] o.hibernate.jpa.internal.util.LogHelper  : HHH000204: Processing PersistenceUnitInfo [name: default]
2026-05-03T04:10:41.660+08:00  INFO 9784 --- [BackEnd] [restartedMain] org.hibernate.Version                    : HHH000412: Hibernate ORM core version 6.6.49.Final
2026-05-03T04:10:41.716+08:00  INFO 9784 --- [BackEnd] [restartedMain] o.h.c.internal.RegionFactoryInitiator    : HHH000026: Second-level cache disabled
2026-05-03T04:10:42.145+08:00  INFO 9784 --- [BackEnd] [restartedMain] o.s.o.j.p.SpringPersistenceUnitInfo      : No LoadTimeWeaver setup: ignoring JPA class transformer
2026-05-03T04:10:42.221+08:00  WARN 9784 --- [BackEnd] [restartedMain] org.hibernate.orm.deprecation            : HHH90000025: H2Dialect does not need to be specified explicitly using 'hibernate.dialect' (remove the property setting and it will be selected by default)
2026-05-03T04:10:42.245+08:00  INFO 9784 --- [BackEnd] [restartedMain] org.hibernate.orm.connections.pooling    : HHH10001005: Database info:
	Database JDBC URL [Connecting through datasource 'HikariDataSource (HikariPool-1)']
	Database driver: undefined/unknown
	Database version: 2.3.232
	Autocommit mode: undefined/unknown
	Isolation level: undefined/unknown
	Minimum pool size: undefined/unknown
	Maximum pool size: undefined/unknown
2026-05-03T04:10:43.553+08:00  INFO 9784 --- [BackEnd] [restartedMain] o.h.e.t.j.p.i.JtaPlatformInitiator       : HHH000489: No JTA platform available (set 'hibernate.transaction.jta.platform' to enable JTA platform integration)
2026-05-03T04:10:43.559+08:00  INFO 9784 --- [BackEnd] [restartedMain] j.LocalContainerEntityManagerFactoryBean : Initialized JPA EntityManagerFactory for persistence unit 'default'
2026-05-03T04:10:43.981+08:00  WARN 9784 --- [BackEnd] [restartedMain] JpaBaseConfiguration$JpaWebConfiguration : spring.jpa.open-in-view is enabled by default. Therefore, database queries may be performed during view rendering. Explicitly configure spring.jpa.open-in-view to disable this warning
2026-05-03T04:10:44.415+08:00  INFO 9784 --- [BackEnd] [restartedMain] o.s.b.a.e.web.EndpointLinksResolver      : Exposing 14 endpoints beneath base path '/actuator'
2026-05-03T04:10:44.574+08:00  INFO 9784 --- [BackEnd] [restartedMain] r$InitializeUserDetailsManagerConfigurer : Global AuthenticationManager configured with UserDetailsService bean with name userDetailsService
2026-05-03T04:10:45.266+08:00  INFO 9784 --- [BackEnd] [restartedMain] o.s.b.a.h2.H2ConsoleAutoConfiguration    : H2 console available at '/h2-console'. Database available at 'jdbc:h2:file:./h2db/myDb'
2026-05-03T04:10:45.308+08:00  INFO 9784 --- [BackEnd] [restartedMain] o.s.b.d.a.OptionalLiveReloadServer       : LiveReload server is running on port 35729
2026-05-03T04:10:45.410+08:00  INFO 9784 --- [BackEnd] [restartedMain] o.s.b.w.embedded.tomcat.TomcatWebServer  : Tomcat started on port 8080 (http) with context path '/'
2026-05-03T04:10:45.429+08:00  INFO 9784 --- [BackEnd] [restartedMain] com.example.BackEnd.BackEndApplication   : Started BackEndApplication in 8.857 seconds (process running for 10.092)
2026-05-03T04:10:45.437+08:00  WARN 9784 --- [BackEnd] [restartedMain] o.s.core.events.SpringDocAppInitializer  : SpringDoc /v3/api-docs endpoint is enabled by default. To disable it in production, set the property 'springdoc.api-docs.enabled=false'
2026-05-03T04:10:45.438+08:00  WARN 9784 --- [BackEnd] [restartedMain] o.s.core.events.SpringDocAppInitializer  : SpringDoc /swagger-ui.html endpoint is enabled by default. To disable it in production, set the property 'springdoc.swagger-ui.enabled=false'
2026-05-03T04:10:45.735+08:00  INFO 9784 --- [BackEnd] [RMI TCP Connection(1)-192.168.50.58] o.a.c.c.C.[Tomcat].[localhost].[/]       : Initializing Spring DispatcherServlet 'dispatcherServlet'
2026-05-03T04:10:45.737+08:00  INFO 9784 --- [BackEnd] [RMI TCP Connection(1)-192.168.50.58] o.s.web.servlet.DispatcherServlet        : Initializing Servlet 'dispatcherServlet'
2026-05-03T04:10:45.739+08:00  INFO 9784 --- [BackEnd] [RMI TCP Connection(1)-192.168.50.58] o.s.web.servlet.DispatcherServlet        : Completed initialization in 2 ms
2026-05-03T04:19:06.236+08:00  INFO 9784 --- [BackEnd] [SpringApplicationShutdownHook] o.s.b.w.e.tomcat.GracefulShutdown        : Commencing graceful shutdown. Waiting for active requests to complete
2026-05-03T04:19:06.249+08:00  INFO 9784 --- [BackEnd] [tomcat-shutdown] o.s.b.w.e.tomcat.GracefulShutdown        : Graceful shutdown complete
2026-05-03T04:19:06.262+08:00  INFO 9784 --- [BackEnd] [SpringApplicationShutdownHook] j.LocalContainerEntityManagerFactoryBean : Closing JPA EntityManagerFactory for persistence unit 'default'
2026-05-03T04:19:06.268+08:00  INFO 9784 --- [BackEnd] [SpringApplicationShutdownHook] com.zaxxer.hikari.HikariDataSource       : HikariPool-1 - Shutdown initiated...
2026-05-03T04:19:06.270+08:00  INFO 9784 --- [BackEnd] [SpringApplicationShutdownHook] com.zaxxer.hikari.HikariDataSource       : HikariPool-1 - Shutdown completed.
2026-05-03T04:19:13.103+08:00  INFO 32432 --- [BackEnd] [restartedMain] com.example.BackEnd.BackEndApplication   : Starting BackEndApplication using Java 25.0.1 with PID 32432 (D:\React\reactSpringBoot\BackEnd\target\classes started by tony.shangkuan in D:\React\reactSpringBoot\BackEnd)
2026-05-03T04:19:13.107+08:00  INFO 32432 --- [BackEnd] [restartedMain] com.example.BackEnd.BackEndApplication   : No active profile set, falling back to 1 default profile: "default"
2026-05-03T04:19:13.294+08:00  INFO 32432 --- [BackEnd] [restartedMain] .e.DevToolsPropertyDefaultsPostProcessor : Devtools property defaults active! Set 'spring.devtools.add-properties' to 'false' to disable
2026-05-03T04:19:13.294+08:00  INFO 32432 --- [BackEnd] [restartedMain] .e.DevToolsPropertyDefaultsPostProcessor : For additional web related logging consider setting the 'logging.level.web' property to 'DEBUG'
2026-05-03T04:19:15.281+08:00  INFO 32432 --- [BackEnd] [restartedMain] .s.d.r.c.RepositoryConfigurationDelegate : Bootstrapping Spring Data JPA repositories in DEFAULT mode.
2026-05-03T04:19:15.469+08:00  INFO 32432 --- [BackEnd] [restartedMain] .s.d.r.c.RepositoryConfigurationDelegate : Finished Spring Data repository scanning in 171 ms. Found 2 JPA repository interfaces.
2026-05-03T04:19:16.740+08:00  INFO 32432 --- [BackEnd] [restartedMain] o.s.b.w.embedded.tomcat.TomcatWebServer  : Tomcat initialized with port 8080 (http)
2026-05-03T04:19:16.766+08:00  INFO 32432 --- [BackEnd] [restartedMain] o.apache.catalina.core.StandardService   : Starting service [Tomcat]
2026-05-03T04:19:16.767+08:00  INFO 32432 --- [BackEnd] [restartedMain] o.apache.catalina.core.StandardEngine    : Starting Servlet engine: [Apache Tomcat/10.1.54]
2026-05-03T04:19:16.851+08:00  INFO 32432 --- [BackEnd] [restartedMain] o.a.c.c.C.[Tomcat].[localhost].[/]       : Initializing Spring embedded WebApplicationContext
2026-05-03T04:19:16.851+08:00  INFO 32432 --- [BackEnd] [restartedMain] w.s.c.ServletWebServerApplicationContext : Root WebApplicationContext: initialization completed in 3556 ms
2026-05-03T04:19:17.262+08:00  INFO 32432 --- [BackEnd] [restartedMain] com.zaxxer.hikari.HikariDataSource       : HikariPool-1 - Starting...
2026-05-03T04:19:17.696+08:00  INFO 32432 --- [BackEnd] [restartedMain] com.zaxxer.hikari.pool.HikariPool        : HikariPool-1 - Added connection conn1: url=jdbc:h2:file:./h2db/myDb user=SA
2026-05-03T04:19:17.699+08:00  INFO 32432 --- [BackEnd] [restartedMain] com.zaxxer.hikari.HikariDataSource       : HikariPool-1 - Start completed.
2026-05-03T04:19:17.887+08:00  INFO 32432 --- [BackEnd] [restartedMain] o.hibernate.jpa.internal.util.LogHelper  : HHH000204: Processing PersistenceUnitInfo [name: default]
2026-05-03T04:19:17.990+08:00  INFO 32432 --- [BackEnd] [restartedMain] org.hibernate.Version                    : HHH000412: Hibernate ORM core version 6.6.49.Final
2026-05-03T04:19:18.053+08:00  INFO 32432 --- [BackEnd] [restartedMain] o.h.c.internal.RegionFactoryInitiator    : HHH000026: Second-level cache disabled
2026-05-03T04:19:18.593+08:00  INFO 32432 --- [BackEnd] [restartedMain] o.s.o.j.p.SpringPersistenceUnitInfo      : No LoadTimeWeaver setup: ignoring JPA class transformer
2026-05-03T04:19:18.679+08:00  WARN 32432 --- [BackEnd] [restartedMain] org.hibernate.orm.deprecation            : HHH90000025: H2Dialect does not need to be specified explicitly using 'hibernate.dialect' (remove the property setting and it will be selected by default)
2026-05-03T04:19:18.701+08:00  INFO 32432 --- [BackEnd] [restartedMain] org.hibernate.orm.connections.pooling    : HHH10001005: Database info:
	Database JDBC URL [Connecting through datasource 'HikariDataSource (HikariPool-1)']
	Database driver: undefined/unknown
	Database version: 2.3.232
	Autocommit mode: undefined/unknown
	Isolation level: undefined/unknown
	Minimum pool size: undefined/unknown
	Maximum pool size: undefined/unknown
2026-05-03T04:19:20.319+08:00  INFO 32432 --- [BackEnd] [restartedMain] o.h.e.t.j.p.i.JtaPlatformInitiator       : HHH000489: No JTA platform available (set 'hibernate.transaction.jta.platform' to enable JTA platform integration)
2026-05-03T04:19:20.325+08:00  INFO 32432 --- [BackEnd] [restartedMain] j.LocalContainerEntityManagerFactoryBean : Initialized JPA EntityManagerFactory for persistence unit 'default'
2026-05-03T04:19:21.006+08:00  WARN 32432 --- [BackEnd] [restartedMain] JpaBaseConfiguration$JpaWebConfiguration : spring.jpa.open-in-view is enabled by default. Therefore, database queries may be performed during view rendering. Explicitly configure spring.jpa.open-in-view to disable this warning
2026-05-03T04:19:21.602+08:00  INFO 32432 --- [BackEnd] [restartedMain] o.s.b.a.e.web.EndpointLinksResolver      : Exposing 14 endpoints beneath base path '/actuator'
2026-05-03T04:19:21.806+08:00  INFO 32432 --- [BackEnd] [restartedMain] r$InitializeUserDetailsManagerConfigurer : Global AuthenticationManager configured with UserDetailsService bean with name userDetailsService
2026-05-03T04:19:22.745+08:00  INFO 32432 --- [BackEnd] [restartedMain] o.s.b.a.h2.H2ConsoleAutoConfiguration    : H2 console available at '/h2-console'. Database available at 'jdbc:h2:file:./h2db/myDb'
2026-05-03T04:19:22.818+08:00  INFO 32432 --- [BackEnd] [restartedMain] o.s.b.d.a.OptionalLiveReloadServer       : LiveReload server is running on port 35729
2026-05-03T04:19:22.982+08:00  INFO 32432 --- [BackEnd] [restartedMain] o.s.b.w.embedded.tomcat.TomcatWebServer  : Tomcat started on port 8080 (http) with context path '/'
2026-05-03T04:19:23.339+08:00  INFO 32432 --- [BackEnd] [restartedMain] com.example.BackEnd.BackEndApplication   : Started BackEndApplication in 11.639 seconds (process running for 13.257)
2026-05-03T04:19:23.351+08:00  WARN 32432 --- [BackEnd] [restartedMain] o.s.core.events.SpringDocAppInitializer  : SpringDoc /v3/api-docs endpoint is enabled by default. To disable it in production, set the property 'springdoc.api-docs.enabled=false'
2026-05-03T04:19:23.351+08:00  WARN 32432 --- [BackEnd] [restartedMain] o.s.core.events.SpringDocAppInitializer  : SpringDoc /swagger-ui.html endpoint is enabled by default. To disable it in production, set the property 'springdoc.swagger-ui.enabled=false'
2026-05-03T04:19:23.632+08:00  INFO 32432 --- [BackEnd] [RMI TCP Connection(5)-192.168.50.58] o.a.c.c.C.[Tomcat].[localhost].[/]       : Initializing Spring DispatcherServlet 'dispatcherServlet'
2026-05-03T04:19:23.633+08:00  INFO 32432 --- [BackEnd] [RMI TCP Connection(5)-192.168.50.58] o.s.web.servlet.DispatcherServlet        : Initializing Servlet 'dispatcherServlet'
2026-05-03T04:19:23.641+08:00  INFO 32432 --- [BackEnd] [RMI TCP Connection(5)-192.168.50.58] o.s.web.servlet.DispatcherServlet        : Completed initialization in 3 ms
2026-05-03T04:21:14.691+08:00 ERROR 32432 --- [BackEnd] [http-nio-8080-exec-7] c.e.B.exception.GlobalExceptionHandler   : Global Exception Handler: Exception 發生異常: No static resource api/v1/auth/login.
2026-05-03T04:21:14.723+08:00  WARN 32432 --- [BackEnd] [http-nio-8080-exec-7] .m.m.a.ExceptionHandlerExceptionResolver : Resolved [org.springframework.web.servlet.resource.NoResourceFoundException: No static resource api/v1/auth/login.]
2026-05-03T04:21:38.808+08:00  INFO 32432 --- [BackEnd] [File Watcher] rtingClassPathChangeChangedEventListener : Restarting due to 1 class path change (0 additions, 1 deletion, 0 modifications)
2026-05-03T04:21:38.830+08:00  INFO 32432 --- [BackEnd] [Thread-7] o.s.b.w.e.tomcat.GracefulShutdown        : Commencing graceful shutdown. Waiting for active requests to complete
2026-05-03T04:21:38.837+08:00  INFO 32432 --- [BackEnd] [tomcat-shutdown] o.s.b.w.e.tomcat.GracefulShutdown        : Graceful shutdown complete
2026-05-03T04:21:38.856+08:00  INFO 32432 --- [BackEnd] [Thread-7] j.LocalContainerEntityManagerFactoryBean : Closing JPA EntityManagerFactory for persistence unit 'default'
2026-05-03T04:21:38.865+08:00  INFO 32432 --- [BackEnd] [Thread-7] com.zaxxer.hikari.HikariDataSource       : HikariPool-1 - Shutdown initiated...
2026-05-03T04:21:38.985+08:00  INFO 32432 --- [BackEnd] [Thread-7] com.zaxxer.hikari.HikariDataSource       : HikariPool-1 - Shutdown completed.
2026-05-03T04:21:39.643+08:00  INFO 32432 --- [BackEnd] [restartedMain] com.example.BackEnd.BackEndApplication   : Starting BackEndApplication using Java 25.0.1 with PID 32432 (D:\React\reactSpringBoot\BackEnd\target\classes started by tony.shangkuan in D:\React\reactSpringBoot\BackEnd)
2026-05-03T04:21:39.644+08:00  INFO 32432 --- [BackEnd] [restartedMain] com.example.BackEnd.BackEndApplication   : No active profile set, falling back to 1 default profile: "default"
2026-05-03T04:21:40.413+08:00  INFO 32432 --- [BackEnd] [restartedMain] .s.d.r.c.RepositoryConfigurationDelegate : Bootstrapping Spring Data JPA repositories in DEFAULT mode.
2026-05-03T04:21:40.547+08:00  INFO 32432 --- [BackEnd] [restartedMain] .s.d.r.c.RepositoryConfigurationDelegate : Finished Spring Data repository scanning in 131 ms. Found 2 JPA repository interfaces.
2026-05-03T04:21:40.792+08:00  INFO 32432 --- [BackEnd] [restartedMain] o.s.b.w.embedded.tomcat.TomcatWebServer  : Tomcat initialized with port 8080 (http)
2026-05-03T04:21:40.793+08:00  INFO 32432 --- [BackEnd] [restartedMain] o.apache.catalina.core.StandardService   : Starting service [Tomcat]
2026-05-03T04:21:40.793+08:00  INFO 32432 --- [BackEnd] [restartedMain] o.apache.catalina.core.StandardEngine    : Starting Servlet engine: [Apache Tomcat/10.1.54]
2026-05-03T04:21:40.836+08:00  INFO 32432 --- [BackEnd] [restartedMain] o.a.c.c.C.[Tomcat].[localhost].[/]       : Initializing Spring embedded WebApplicationContext
2026-05-03T04:21:40.836+08:00  INFO 32432 --- [BackEnd] [restartedMain] w.s.c.ServletWebServerApplicationContext : Root WebApplicationContext: initialization completed in 1188 ms
2026-05-03T04:21:40.973+08:00  INFO 32432 --- [BackEnd] [restartedMain] com.zaxxer.hikari.HikariDataSource       : HikariPool-2 - Starting...
2026-05-03T04:21:41.036+08:00  INFO 32432 --- [BackEnd] [restartedMain] com.zaxxer.hikari.pool.HikariPool        : HikariPool-2 - Added connection conn12: url=jdbc:h2:file:./h2db/myDb user=SA
2026-05-03T04:21:41.036+08:00  INFO 32432 --- [BackEnd] [restartedMain] com.zaxxer.hikari.HikariDataSource       : HikariPool-2 - Start completed.
2026-05-03T04:21:41.094+08:00  INFO 32432 --- [BackEnd] [restartedMain] o.hibernate.jpa.internal.util.LogHelper  : HHH000204: Processing PersistenceUnitInfo [name: default]
2026-05-03T04:21:41.098+08:00  INFO 32432 --- [BackEnd] [restartedMain] o.h.c.internal.RegionFactoryInitiator    : HHH000026: Second-level cache disabled
2026-05-03T04:21:41.113+08:00  INFO 32432 --- [BackEnd] [restartedMain] o.s.o.j.p.SpringPersistenceUnitInfo      : No LoadTimeWeaver setup: ignoring JPA class transformer
2026-05-03T04:21:41.115+08:00  WARN 32432 --- [BackEnd] [restartedMain] org.hibernate.orm.deprecation            : HHH90000025: H2Dialect does not need to be specified explicitly using 'hibernate.dialect' (remove the property setting and it will be selected by default)
2026-05-03T04:21:41.117+08:00  INFO 32432 --- [BackEnd] [restartedMain] org.hibernate.orm.connections.pooling    : HHH10001005: Database info:
	Database JDBC URL [Connecting through datasource 'HikariDataSource (HikariPool-2)']
	Database driver: undefined/unknown
	Database version: 2.3.232
	Autocommit mode: undefined/unknown
	Isolation level: undefined/unknown
	Minimum pool size: undefined/unknown
	Maximum pool size: undefined/unknown
2026-05-03T04:21:41.235+08:00  INFO 32432 --- [BackEnd] [restartedMain] o.h.e.t.j.p.i.JtaPlatformInitiator       : HHH000489: No JTA platform available (set 'hibernate.transaction.jta.platform' to enable JTA platform integration)
2026-05-03T04:21:41.236+08:00  INFO 32432 --- [BackEnd] [restartedMain] j.LocalContainerEntityManagerFactoryBean : Initialized JPA EntityManagerFactory for persistence unit 'default'
2026-05-03T04:21:41.451+08:00  WARN 32432 --- [BackEnd] [restartedMain] JpaBaseConfiguration$JpaWebConfiguration : spring.jpa.open-in-view is enabled by default. Therefore, database queries may be performed during view rendering. Explicitly configure spring.jpa.open-in-view to disable this warning
2026-05-03T04:21:41.704+08:00  INFO 32432 --- [BackEnd] [restartedMain] o.s.b.a.e.web.EndpointLinksResolver      : Exposing 14 endpoints beneath base path '/actuator'
2026-05-03T04:21:41.903+08:00  INFO 32432 --- [BackEnd] [restartedMain] r$InitializeUserDetailsManagerConfigurer : Global AuthenticationManager configured with UserDetailsService bean with name userDetailsService
2026-05-03T04:21:42.264+08:00  INFO 32432 --- [BackEnd] [restartedMain] o.s.b.a.h2.H2ConsoleAutoConfiguration    : H2 console available at '/h2-console'. Database available at 'jdbc:h2:file:./h2db/myDb'
2026-05-03T04:21:42.278+08:00  INFO 32432 --- [BackEnd] [restartedMain] o.s.b.d.a.OptionalLiveReloadServer       : LiveReload server is running on port 35729
2026-05-03T04:21:42.316+08:00  INFO 32432 --- [BackEnd] [restartedMain] o.s.b.w.embedded.tomcat.TomcatWebServer  : Tomcat started on port 8080 (http) with context path '/'
2026-05-03T04:21:42.474+08:00  INFO 32432 --- [BackEnd] [restartedMain] com.example.BackEnd.BackEndApplication   : Started BackEndApplication in 3.239 seconds (process running for 152.391)
2026-05-03T04:21:42.476+08:00  WARN 32432 --- [BackEnd] [restartedMain] o.s.core.events.SpringDocAppInitializer  : SpringDoc /v3/api-docs endpoint is enabled by default. To disable it in production, set the property 'springdoc.api-docs.enabled=false'
2026-05-03T04:21:42.477+08:00  WARN 32432 --- [BackEnd] [restartedMain] o.s.core.events.SpringDocAppInitializer  : SpringDoc /swagger-ui.html endpoint is enabled by default. To disable it in production, set the property 'springdoc.swagger-ui.enabled=false'
2026-05-03T04:21:42.480+08:00  INFO 32432 --- [BackEnd] [restartedMain] .ConditionEvaluationDeltaLoggingListener : Condition evaluation unchanged
2026-05-03T04:21:43.691+08:00  INFO 32432 --- [BackEnd] [File Watcher] rtingClassPathChangeChangedEventListener : Restarting due to 1 class path change (1 addition, 0 deletions, 0 modifications)
2026-05-03T04:21:43.701+08:00  INFO 32432 --- [BackEnd] [Thread-13] o.s.b.w.e.tomcat.GracefulShutdown        : Commencing graceful shutdown. Waiting for active requests to complete
2026-05-03T04:21:43.706+08:00  INFO 32432 --- [BackEnd] [tomcat-shutdown] o.s.b.w.e.tomcat.GracefulShutdown        : Graceful shutdown complete
2026-05-03T04:21:43.717+08:00  INFO 32432 --- [BackEnd] [Thread-13] j.LocalContainerEntityManagerFactoryBean : Closing JPA EntityManagerFactory for persistence unit 'default'
2026-05-03T04:21:43.718+08:00  INFO 32432 --- [BackEnd] [Thread-13] com.zaxxer.hikari.HikariDataSource       : HikariPool-2 - Shutdown initiated...
2026-05-03T04:21:43.830+08:00  INFO 32432 --- [BackEnd] [Thread-13] com.zaxxer.hikari.HikariDataSource       : HikariPool-2 - Shutdown completed.
2026-05-03T04:21:44.464+08:00  INFO 32432 --- [BackEnd] [restartedMain] com.example.BackEnd.BackEndApplication   : Starting BackEndApplication using Java 25.0.1 with PID 32432 (D:\React\reactSpringBoot\BackEnd\target\classes started by tony.shangkuan in D:\React\reactSpringBoot\BackEnd)
2026-05-03T04:21:44.465+08:00  INFO 32432 --- [BackEnd] [restartedMain] com.example.BackEnd.BackEndApplication   : No active profile set, falling back to 1 default profile: "default"
2026-05-03T04:21:45.118+08:00  INFO 32432 --- [BackEnd] [restartedMain] .s.d.r.c.RepositoryConfigurationDelegate : Bootstrapping Spring Data JPA repositories in DEFAULT mode.
2026-05-03T04:21:45.234+08:00  INFO 32432 --- [BackEnd] [restartedMain] .s.d.r.c.RepositoryConfigurationDelegate : Finished Spring Data repository scanning in 113 ms. Found 2 JPA repository interfaces.
2026-05-03T04:21:45.419+08:00  INFO 32432 --- [BackEnd] [restartedMain] o.s.b.w.embedded.tomcat.TomcatWebServer  : Tomcat initialized with port 8080 (http)
2026-05-03T04:21:45.420+08:00  INFO 32432 --- [BackEnd] [restartedMain] o.apache.catalina.core.StandardService   : Starting service [Tomcat]
2026-05-03T04:21:45.420+08:00  INFO 32432 --- [BackEnd] [restartedMain] o.apache.catalina.core.StandardEngine    : Starting Servlet engine: [Apache Tomcat/10.1.54]
2026-05-03T04:21:45.452+08:00  INFO 32432 --- [BackEnd] [restartedMain] o.a.c.c.C.[Tomcat].[localhost].[/]       : Initializing Spring embedded WebApplicationContext
2026-05-03T04:21:45.452+08:00  INFO 32432 --- [BackEnd] [restartedMain] w.s.c.ServletWebServerApplicationContext : Root WebApplicationContext: initialization completed in 985 ms
2026-05-03T04:21:45.560+08:00  INFO 32432 --- [BackEnd] [restartedMain] com.zaxxer.hikari.HikariDataSource       : HikariPool-3 - Starting...
2026-05-03T04:21:45.607+08:00  INFO 32432 --- [BackEnd] [restartedMain] com.zaxxer.hikari.pool.HikariPool        : HikariPool-3 - Added connection conn23: url=jdbc:h2:file:./h2db/myDb user=SA
2026-05-03T04:21:45.607+08:00  INFO 32432 --- [BackEnd] [restartedMain] com.zaxxer.hikari.HikariDataSource       : HikariPool-3 - Start completed.
2026-05-03T04:21:45.654+08:00  INFO 32432 --- [BackEnd] [restartedMain] o.hibernate.jpa.internal.util.LogHelper  : HHH000204: Processing PersistenceUnitInfo [name: default]
2026-05-03T04:21:45.658+08:00  INFO 32432 --- [BackEnd] [restartedMain] o.h.c.internal.RegionFactoryInitiator    : HHH000026: Second-level cache disabled
2026-05-03T04:21:45.671+08:00  INFO 32432 --- [BackEnd] [restartedMain] o.s.o.j.p.SpringPersistenceUnitInfo      : No LoadTimeWeaver setup: ignoring JPA class transformer
2026-05-03T04:21:45.673+08:00  WARN 32432 --- [BackEnd] [restartedMain] org.hibernate.orm.deprecation            : HHH90000025: H2Dialect does not need to be specified explicitly using 'hibernate.dialect' (remove the property setting and it will be selected by default)
2026-05-03T04:21:45.673+08:00  INFO 32432 --- [BackEnd] [restartedMain] org.hibernate.orm.connections.pooling    : HHH10001005: Database info:
	Database JDBC URL [Connecting through datasource 'HikariDataSource (HikariPool-3)']
	Database driver: undefined/unknown
	Database version: 2.3.232
	Autocommit mode: undefined/unknown
	Isolation level: undefined/unknown
	Minimum pool size: undefined/unknown
	Maximum pool size: undefined/unknown
2026-05-03T04:21:45.792+08:00  INFO 32432 --- [BackEnd] [restartedMain] o.h.e.t.j.p.i.JtaPlatformInitiator       : HHH000489: No JTA platform available (set 'hibernate.transaction.jta.platform' to enable JTA platform integration)
2026-05-03T04:21:45.792+08:00  INFO 32432 --- [BackEnd] [restartedMain] j.LocalContainerEntityManagerFactoryBean : Initialized JPA EntityManagerFactory for persistence unit 'default'
2026-05-03T04:21:45.943+08:00  WARN 32432 --- [BackEnd] [restartedMain] JpaBaseConfiguration$JpaWebConfiguration : spring.jpa.open-in-view is enabled by default. Therefore, database queries may be performed during view rendering. Explicitly configure spring.jpa.open-in-view to disable this warning
2026-05-03T04:21:46.137+08:00  INFO 32432 --- [BackEnd] [restartedMain] o.s.b.a.e.web.EndpointLinksResolver      : Exposing 14 endpoints beneath base path '/actuator'
2026-05-03T04:21:46.265+08:00  INFO 32432 --- [BackEnd] [restartedMain] r$InitializeUserDetailsManagerConfigurer : Global AuthenticationManager configured with UserDetailsService bean with name userDetailsService
2026-05-03T04:21:46.541+08:00  INFO 32432 --- [BackEnd] [restartedMain] o.s.b.a.h2.H2ConsoleAutoConfiguration    : H2 console available at '/h2-console'. Database available at 'jdbc:h2:file:./h2db/myDb'
2026-05-03T04:21:46.554+08:00  INFO 32432 --- [BackEnd] [restartedMain] o.s.b.d.a.OptionalLiveReloadServer       : LiveReload server is running on port 35729
2026-05-03T04:21:46.585+08:00  INFO 32432 --- [BackEnd] [restartedMain] o.s.b.w.embedded.tomcat.TomcatWebServer  : Tomcat started on port 8080 (http) with context path '/'
2026-05-03T04:21:46.699+08:00  INFO 32432 --- [BackEnd] [restartedMain] com.example.BackEnd.BackEndApplication   : Started BackEndApplication in 2.626 seconds (process running for 156.617)
2026-05-03T04:21:46.701+08:00  WARN 32432 --- [BackEnd] [restartedMain] o.s.core.events.SpringDocAppInitializer  : SpringDoc /v3/api-docs endpoint is enabled by default. To disable it in production, set the property 'springdoc.api-docs.enabled=false'
2026-05-03T04:21:46.702+08:00  WARN 32432 --- [BackEnd] [restartedMain] o.s.core.events.SpringDocAppInitializer  : SpringDoc /swagger-ui.html endpoint is enabled by default. To disable it in production, set the property 'springdoc.swagger-ui.enabled=false'
2026-05-03T04:21:46.704+08:00  INFO 32432 --- [BackEnd] [restartedMain] .ConditionEvaluationDeltaLoggingListener : Condition evaluation unchanged
2026-05-03T04:21:48.955+08:00  INFO 32432 --- [BackEnd] [http-nio-8080-exec-1] o.a.c.c.C.[Tomcat].[localhost].[/]       : Initializing Spring DispatcherServlet 'dispatcherServlet'
2026-05-03T04:21:48.955+08:00  INFO 32432 --- [BackEnd] [http-nio-8080-exec-1] o.s.web.servlet.DispatcherServlet        : Initializing Servlet 'dispatcherServlet'
2026-05-03T04:21:48.957+08:00  INFO 32432 --- [BackEnd] [http-nio-8080-exec-1] o.s.web.servlet.DispatcherServlet        : Completed initialization in 2 ms
2026-05-03T04:24:11.263+08:00  WARN 32432 --- [BackEnd] [HikariPool-3:housekeeper] com.zaxxer.hikari.pool.HikariPool        : HikariPool-3 - Thread starvation or clock leap detected (housekeeper delta=1m17s695ms870µs100ns).
2026-05-03T04:32:21.986+08:00  WARN 32432 --- [BackEnd] [HikariPool-3:housekeeper] com.zaxxer.hikari.pool.HikariPool        : HikariPool-3 - Thread starvation or clock leap detected (housekeeper delta=5m10s717ms990µs900ns).
2026-05-03T04:33:39.433+08:00  WARN 32432 --- [BackEnd] [HikariPool-3:housekeeper] com.zaxxer.hikari.pool.HikariPool        : HikariPool-3 - Thread starvation or clock leap detected (housekeeper delta=1m17s446ms452µs600ns).
